[    0.000000] Initializing cgroup subsys cpuset
[    0.000000] Initializing cgroup subsys cpu
[    0.000000] Initializing cgroup subsys cpuacct
[    0.000000] Linux version 4.4.0-210-generic (buildd@lgw01-amd64-009) (gcc version 5.4.0 20160609 (Ubuntu 5.4.0-6ubuntu1~16.04.12) ) #242-Ubuntu SMP Fri Apr 16 09:57:56 UTC 2021 (Ubuntu 4.4.0-210.242-generic 4.4.262)
[    0.000000] Command line: BOOT_IMAGE=/boot/vmlinuz-4.4.0-210-generic root=LABEL=cloudimg-rootfs ro console=tty1 console=ttyS0
[    0.000000] KERNEL supported cpus:
[    0.000000]   Intel GenuineIntel
[    0.000000]   AMD AuthenticAMD
[    0.000000]   Centaur CentaurHauls
   0000000] x86/fpu: xstate_offset[2]:  576, xstate_size[2: 256
[    0.000000] x86/fu:Suporting XSAV fatre0x01: 'x87flatng point registers'
[   .00000] x86/fpu: Supporting XSAVE feature 0x02: 'SE egsters'
[    0.000000] x86/fpu Supporting XSAVE feature 0x04: 'AVX registers'
[    0.000000] x86/fu:Enabled xstate features 0x7, context size is 832 bytes, using 'standard' format.
[    0.000000] e820: BIOS-provided physical RAM map:
[    0.000000] BIOS-e820: [mem 0x0000000000000000-0x000000000009fbff] usable
[    0.000000] BIOS-e820: [mem 0x000000000009fc00-0x000000000009ffff] reserved
[    0.000000] BIOS-e820: [mem 0x00000000000f0000-0x00000000000fffff] reserved
[    0.000000] BIOS-e820: [mem 0x0000000000100000-0x000000003ffeffff] usable
[    0.000000] BIOS-e820: [mem 0x000000003fff0000-0x000000003fffffff] ACPI data
[    0.000000] BIOS-e820: [mem 0x00000000fec00000-0x00000000fec00fff] reserved
[    0.000000] BIOS-e820: [mem 0x00000000fee00000-0x00000000fee00fff] reserved
[    0.000000] BIOS-e820: [mem 0x00000000fffc0000-0x00000000ffffffff] reserved
[    0.000000] NX (Execute Disable) protection: active
[    0.000000] SMBIOS 2.5 present.
[    0.000000] Hypervisor detected: KVM
[    0.000000] e820: last_pfn = 0x3fff0 max_arch_pfn = 0x400000000
[    0.000000] MTRR: Disabled
[    0.000000] x86/PAT: MTRRs disabled, skipping PAT initialization too.
[    0.000000] CPU MTRRs all blank - virtualized system.
[    0.000000] x86/PAT: Configuration [0-7]: WB  WT  UC- UC  WB  WT  UC- UC  
[    0.000000] found SMP MP-table at [mem 0x0009fff0-0x0009ffff] mapped at [ffff88000009fff0]
[    0.000000] Scanning 1 areas for low memory corruption
[    0.000000] RAMDISK: [mem 0x362dc000-0x37165fff]
[    0.000000] ACPI: Early table checksum verification disabled
[    0.000000] ACPI: RSDP 0x00000000000E0000 000024 (v02 VBOX  )
[    0.000000] ACPI: XSDT 0x000000003FFF0030 00003C (v01 VBOX   VBOXXSDT 00000001 ASL  00000061)
[    0.000000] ACPI: FACP 0x000000003FFF00F0 0000F4 (v04 VBOX   VBOXFACP 00000001 ASL  00000061)
[    0.000000] ACPI: DSDT 0x000000003FFF0470 0021FF (v02 VBOX   VBOXBIOS 00000002 INTL 20180105)
[    0.000000] ACPI: FACS 0x000000003FFF0200 000040
[    0.000000] ACPI: FACS 0x000000003FFF0200 000040
[    0.000000] ACPI: APIC 0x000000003FFF0240 00005C (v02 VBOX   VBOXAPIC 00000001 ASL  00000061)
[    0.000000] ACPI: SSDT 0x000000003FFF02A0 0001CC (v01 VBOX   VBOXCPUT 00000002 INTL 20180105)
[    0.000000] No NUMA configuration found
[    0.000000] Faking a node at [mem 0x0000000000000000-0x000000003ffeffff]
[    0.000000] NODE_DATA(0) allocated [mem 0x3ffeb000-0x3ffeffff]
[    0.000000] kvm-clock: Using msrs 4b564d01 and 4b564d00
[    0.000000] kvm-clock: cpu 0, msr 0:3ffe3001, primary cpu clock
[    0.000000] kvm-clock: using sched offset of 3492028275 cycles
[    0.000000] clocksource: kvm-clock: mask: 0xffffffffffffffff max_cycles: 0x1cd42e4dffb, max_idle_ns: 881590591483 ns
[    0.000000] Zone ranges:
[    0.000000]   DMA      [mem 0x0000000000001000-0x0000000000ffffff]
[    0.000000]   DMA32    [mem 0x0000000001000000-0x000000003ffeffff]
[    0.000000]   Normal   empty
[    0.000000]   Device   empty
[    0.000000] Movable zone start for each node
[    0.000000] Early memory node ranges
[    0.000000]   node   0: [mem 0x0000000000001000-0x000000000009efff]
[    0.000000]   node   0: [mem 0x0000000000100000-0x000000003ffeffff]
[    0.000000] Initmem setup node 0 [mem 0x0000000000001000-0x000000003ffeffff]
[    0.000000] ACPI: PM-Timer IO Port: 0x4008
[    0.000000] IOAPIC[0]: apic_id 2, version 32, address 0xfec00000, GSI 0-23
[    0.000000] ACPI: INT_SRC_OVR (bus 0 bus_irq 0 global_irq 2 dfl dfl)
[    0.000000] ACPI: INT_SRC_OVR (bus 0 bus_irq 9 global_irq 9 low level)
[    0.000000] Using ACPI (MADT) for SMP configuration information
[    0.000000] smpboot: Allowing 2 CPUs, 0 hotplug CPUs
[    0.000000] PM: Registered nosave memory: [mem 0x00000000-0x00000fff]
[    0.000000] PM: Registered nosave memory: [mem 0x0009f000-0x0009ffff]
[    0.000000] PM: Registered nosave memory: [mem 0x000a0000-0x000effff]
[    0.000000] PM: Registered nosave memory: [mem 0x000f0000-0x000fffff]
[    0.000000] e820: [mem 0x40000000-0xfebfffff] available for PCI devices
[    0.000000] Booting paravirtualized kernel on KVM
[    0.000000] clocksource: refined-jiffies: mask: 0xffffffff max_cycles: 0xffffffff, max_idle_ns: 7645519600211568 ns
[    0.000000] setup_percpu: NR_CPUS:512 nr_cpumask_bits:512 nr_cpu_ids:2 nr_node_ids:1
[    0.000000] PERCPU: Embedded 33 pages/cpu @ffff88003fc00000 s95192 r8192 d31784 u1048576
[    0.000000] Built 1 zonelists in Node order, mobility grouping on.  Total pages: 257912
[    0.000000] Policy zone: DMA32
[    0.000000] Kernel command line: BOOT_IMAGE=/boot/vmlinuz-4.4.0-210-generic root=LABEL=cloudimg-rootfs ro console=tty1 console=ttyS0
[    0.000000] PID hash table entries: 4096 (order: 3, 32768 bytes)
[    0.000000] Memory: 997792K/1048120K available (8644K kernel code, 1332K rwdata, 4044K rodata, 1492K init, 1164K bss, 50328K reserved, 0K cma-reserved)
[    0.000000] SLUB: HWalign=64, Order=0-3, MinObjects=0, CPUs=2, Nodes=1
[    0.000000] Kernel/User page tables isolation: enabled
[    0.000000] Hierarchical RCU implementation.
[    0.000000] 	Build-time adjustment of leaf fanout to 64.
[    0.000000] 	RCU restricting CPUs from NR_CPUS=512 to nr_cpu_ids=2.
[    0.000000] RCU: Adjusting geometry for rcu_fanout_leaf=64, nr_cpu_ids=2
[    0.000000] NR_IRQS:33024 nr_irqs:440 16
[    0.000000] Console: colour VGA+ 80x25
[    0.000000] console [tty1] enabled
[    0.000000] console [ttyS0] enabled
[    0.000000] tsc: Detected 2495.630 MHz processor
[    0.682662] Calibrating delay loop (skipped) preset value.. 4991.26 BogoMIPS (lpj=9982520)
[    0.684650] pid_max: default: 32768 minimum: 301
[    0.685755] ACPI: Core revision 20150930
[    0.687710] ACPI: 2 ACPI AML tables successfully acquired and loaded
[    0.689237] Security Framework initialized
[    0.690281] Yama: becoming mindful.
[    0.691154] AppArmor: AppArmor initialized
[    0.692201] Dentry cache hash table entries: 131072 (order: 8, 1048576 bytes)
[    0.694537] Inode-cache hash table entries: 65536 (order: 7, 524288 bytes)
[    0.696125] Mount-cache hash table entries: 2048 (order: 2, 16384 bytes)
[    0.697606] Mountpoint-cache hash table entries: 2048 (order: 2, 16384 bytes)
[    0.699310] Initializing cgroup subsys io
[    0.700266] Initializing cgroup subsys memory
[    0.701332] Initializing cgroup subsys devices
[    0.702449] Initializing cgroup subsys freezer
[    0.703482] Initializing cgroup subsys net_cls
[    0.704526] Initializing cgroup subsys perf_event
[    0.705640] Initializing cgroup subsys net_prio
[    0.706703] Initializing cgroup subsys hugetlb
[    0.707725] Initializing cgroup subsys pids
[    0.715855] mce: CPU supports 0 MCE banks
[    0.722249] Last level iTLB entries: 4KB 1024, 2MB 1024, 4MB 1024
[    0.723594] Last level dTLB entries: 4KB 1024, 2MB 1024, 4MB 1024, 1GB 4
[    0.725052] Spectre V1 : Mitigation: usercopy/swapgs barriers and __user pointer sanitization
[    0.727095] Spectre V2 : Mitigation: Full generic retpoline
[    0.728331] Spectre V2 : Spectre v2 / SpectreRSB mitigation: Filling RSB on context switch
[    0.730312] Speculative Store Bypass: Vulnerable
[    0.731392] SRBDS: Unknown: Dependent on hypervisor status
[    0.732692] MDS: Mitigation: Clear CPU buffers
[    0.735992] Freeing SMP alternatives memory: 36K
[    0.741979] ftrace: allocating 32380 entries in 127 pages
[    0.793697] smpboot: APIC(0) Converting physical 0 to logical package 0
[    0.795219] smpboot: Max logical packages: 1
[    0.796476] x2apic enabled
[    0.797453] Switched APIC routing to physical x2apic.
[    0.799716] ..TIMER: vector=0x30 apic1=0 pin1=2 apic2=-1 pin2=-1
[    0.909148] smpboot: CPU0: Intel(R) Core(TM) i5-4300U CPU @ 1.90GHz (family: 0x6, model: 0x45, stepping: 0x1)
[    0.920874] Performance Events: unsupported p6 CPU model 69 no PMU driver, software events only.
[    0.936893] KVM setup paravirtual spinlock
[    0.939760] x86: Booting SMP configuration:
[    0.940683] .... node  #0, CPUs:      #1
[    0.941708] kvm-clock: cpu 1, msr 0:3ffe3041, secondary cpu clock
[    1.016436] mce: CPU supports 0 MCE banks
[    1.019393] x86: Booted up 1 node, 2 CPUs
[    1.020693] smpboot: Total of 2 processors activated (9982.52 BogoMIPS)
[    1.022718] devtmpfs: initialized
[    1.024917] evm: security.selinux
[    1.025776] evm: security.SMACK64
[    1.031977] evm: security.SMACK64EXEC
[    1.032863] evm: security.SMACK64TRANSMUTE
[    1.033921] evm: security.SMACK64MMAP
[    1.034825] evm: security.ima
[    1.035597] evm: security.capability
[    1.036756] clocksource: jiffies: mask: 0xffffffff max_cycles: 0xffffffff, max_idle_ns: 7645041785100000 ns
[    1.040702] futex hash table entries: 512 (order: 3, 32768 bytes)
[    1.042304] pinctrl core: initialized pinctrl subsystem
[    1.043599] RTC time:  6:24:28, date: 10/08/21
[    1.046683] NET: Registered protocol family 16
[    1.057128] cpuidle: using governor ladder
[    1.069714] cpuidle: using governor menu
[    1.071449] PCCT header not found.
[    1.073111] ACPI: bus type PCI registered
[    1.078727] acpiphp: ACPI Hot Plug PCI Controller Driver version: 0.5
[    1.081441] PCI: Using configuration type 1 for base access
[    1.098494] ACPI: Added _OSI(Module Device)
[    1.106363] ACPI: Added _OSI(Processor Device)
[    1.108559] ACPI: Added _OSI(3.0 _SCP Extensions)
[    1.122321] ACPI: Added _OSI(Processor Aggregator Device)
[    1.131314] ACPI: Executed 1 blocks of module-level executable AML code
[    1.136211] ACPI: Interpreter enabled
[    1.144043] ACPI: (supports S0 S5)
[    1.144807] ACPI: Using IOAPIC for interrupt routing
[    1.154056] PCI: Using host bridge windows from ACPI; if necessary, use "pci=nocrs" and report a bug
[    1.180101] ACPI: PCI Root Bridge [PCI0] (domain 0000 [bus 00-ff])
[    1.196603] acpi PNP0A03:00: _OSC: OS supports [ASPM ClockPM Segments MSI]
[    1.198966] acpi PNP0A03:00: _OSC: not requesting OS control; OS requires [ExtendedConfig ASPM ClockPM MSI]
[    1.225392] acpi PNP0A03:00: fail to add MMCONFIG information, can't access extended PCI configuration space under this bridge.
[    1.228194] PCI host bridge to bus 0000:00
[    1.234421] pci_bus 0000:00: root bus resource [io  0x0000-0x0cf7 window]
[    1.235873] pci_bus 0000:00: root bus resource [io  0x0d00-0xffff window]
[    1.237348] pci_bus 0000:00: root bus resource [mem 0x000a0000-0x000bffff window]
[    1.239163] pci_bus 0000:00: root bus resource [mem 0x40000000-0xfdffffff window]
[    1.240947] pci_bus 0000:00: root bus resource [bus 00-ff]
[    1.243707] pci 0000:00:01.1: legacy IDE quirk: reg 0x10: [io  0x01f0-0x01f7]
[    1.245250] pci 0000:00:01.1: legacy IDE quirk: reg 0x14: [io  0x03f6]
[    1.246728] pci 0000:00:01.1: legacy IDE quirk: reg 0x18: [io  0x0170-0x0177]
[    1.257428] pci 0000:00:01.1: legacy IDE quirk: reg 0x1c: [io  0x0376]
[    1.278502] pci 0000:00:07.0: quirk: [io  0x4000-0x403f] claimed by PIIX4 ACPI
[    1.280763] pci 0000:00:07.0: quirk: [io  0x4100-0x410f] claimed by PIIX4 SMB
[    1.294448] ACPI: PCI Interrupt Link [LNKA] (IRQs 5 9 10 *11)
[    1.296357] ACPI: PCI Interrupt Link [LNKB] (IRQs 5 9 *10 11)
[    1.298112] ACPI: PCI Interrupt Link [LNKC] (IRQs 5 *9 10 11)
[    1.299831] ACPI: PCI Interrupt Link [LNKD] (IRQs 5 9 10 *11)
[    1.301602] ACPI: Enabled 2 GPEs in block 00 to 07
[    1.303203] vgaarb: setting as boot device: PCI:0000:00:02.0
[    1.304544] vgaarb: device added: PCI:0000:00:02.0,decodes=io+mem,owns=io+mem,locks=none
[    1.306464] vgaarb: loaded
[    1.307191] vgaarb: bridge control possible 0000:00:02.0
[    1.308669] SCSI subsystem initialized
[    1.309783] ACPI: bus type USB registered
[    1.310774] usbcore: registered new interface driver usbfs
[    1.312050] usbcore: registered new interface driver hub
[    1.313267] usbcore: registered new device driver usb
[    1.315355] PCI: Using ACPI for IRQ routing
[    1.316684] NetLabel: Initializing
[    1.317604] NetLabel:  domain hash size = 128
[    1.328588] NetLabel:  protocols = UNLABELED CIPSOv4
[    1.340771] NetLabel:  unlabeled traffic allowed by default
[    1.354273] amd_nb: Cannot enumerate AMD northbridges
[    1.355515] clocksource: Switched to clocksource kvm-clock
[    1.363438] AppArmor: AppArmor Filesystem Enabled
[    1.365780] pnp: PnP ACPI init
[    1.367269] pnp: PnP ACPI: found 3 devices
[    1.377410] clocksource: acpi_pm: mask: 0xffffff max_cycles: 0xffffff, max_idle_ns: 2085701024 ns
[    1.379565] NET: Registered protocol family 2
[    1.380816] TCP established hash table entries: 8192 (order: 4, 65536 bytes)
[    1.382392] TCP bind hash table entries: 8192 (order: 5, 131072 bytes)
[    1.383892] TCP: Hash tables configured (established 8192 bind 8192)
[    1.385304] UDP hash table entries: 512 (order: 2, 16384 bytes)
[    1.386638] UDP-Lite hash table entries: 512 (order: 2, 16384 bytes)
[    1.388064] NET: Registered protocol family 1
[    1.389125] pci 0000:00:00.0: Limiting direct PCI/PCI transfers
[    1.390475] pci 0000:00:01.0: Activating ISA DMA hang workarounds
[    1.391943] Unpacking initramfs...
[    1.602535] Freeing initrd memory: 14888K
[    1.644737] RAPL PMU detected, API unit is 2^-32 Joules, 4 fixed counters 10737418240 ms ovfl timer
[    1.705885] hw unit of domain pp0-core 2^-0 Joules
[    1.753806] hw unit of domain package 2^-0 Joules
[    1.765326] hw unit of domain dram 2^-0 Joules
[    1.773927] hw unit of domain pp1-gpu 2^-0 Joules
[    1.816400] clocksource: tsc: mask: 0xffffffffffffffff max_cycles: 0x23f91962e54, max_idle_ns: 440795226020 ns
[    1.837489] platform rtc_cmos: registered platform RTC device (no PNP device found)
[    1.870268] Scanning for low memory corruption every 60 seconds
[    2.005006] audit: initializing netlink subsys (disabled)
[    2.006591] audit: type=2000 audit(1633674273.242:1): initialized
[    2.008250] Initialise system trusted keyring
[    2.009499] HugeTLB registered 2 MB page size, pre-allocated 0 pages
[    2.012310] zbud: loaded
[    2.013455] VFS: Disk quotas dquot_6.6.0
[    2.014455] VFS: Dquot-cache hash table entries: 512 (order 0, 4096 bytes)
[    2.016220] squashfs: version 4.0 (2009/01/31) Phillip Lougher
[    2.017855] fuse init (API version 7.23)
[    2.019192] Key type big_key registered
[    2.021710] Allocating IMA MOK and blacklist keyrings.
[    2.024320] Key type asymmetric registered
[    2.025432] Asymmetric key parser 'x509' registered
[    2.043841] Block layer SCSI generic (bsg) driver version 0.4 loaded (major 249)
[    2.045882] io scheduler noop registered
[    2.046969] io scheduler deadline registered (default)
[    2.048500] io scheduler cfq registered
[    2.049936] pci_hotplug: PCI Hot Plug PCI Core version: 0.5
[    2.051542] pciehp: PCI Express Hot Plug Controller Driver version: 0.4
[    2.053553] ACPI: AC Adapter [AC] (off-line)
[    2.054993] input: Power Button as /devices/LNXSYSTM:00/LNXPWRBN:00/input/input0
[    2.097528] ACPI: Power Button [PWRF]
[    2.106348] input: Sleep Button as /devices/LNXSYSTM:00/LNXSLPBN:00/input/input1
[    2.108364] ACPI: Sleep Button [SLPF]
[    2.114246] GHES: HEST is not enabled!
[    2.115829] ACPI: Battery Slot [BAT0] (battery present)
[    2.116903] Serial: 8250/16550 driver, 32 ports, IRQ sharing enabled
[    2.157077] 00:02: ttyS0 at I/O 0x3f8 (irq = 4, base_baud = 115200) is a 16550A
[    2.200005] Linux agpgart interface v0.103
[    2.255705] loop: module loaded
[    2.284169] scsi host0: ata_piix
[    2.313823] scsi host1: ata_piix
[    2.353524] ata1: PATA max UDMA/33 cmd 0x1f0 ctl 0x3f6 bmdma 0xd000 irq 14
[    2.398091] ata2: PATA max UDMA/33 cmd 0x170 ctl 0x376 bmdma 0xd008 irq 15
[    2.399753] libphy: Fixed MDIO Bus: probed
[    2.453622] tun: Universal TUN/TAP device driver, 1.6
[    2.473926] tun: (C) 1999-2004 Max Krasnyansky <maxk@qualcomm.com>
[    2.475232] PPP generic driver version 2.4.2
[    2.476323] ehci_hcd: USB 2.0 'Enhanced' Host Controller (EHCI) Driver
[    2.498014] ehci-pci: EHCI PCI platform driver
[    2.573377] ehci-platform: EHCI generic platform driver
[    2.603999] ohci_hcd: USB 1.1 'Open' Host Controller (OHCI) Driver
[    2.605369] ohci-pci: OHCI PCI platform driver
[    2.606413] ohci-platform: OHCI generic platform driver
[    2.607585] uhci_hcd: USB Universal Host Controller Interface driver
[    2.609167] i8042: PNP: PS/2 Controller [PNP0303:PS2K,PNP0f03:PS2M] at 0x60,0x64 irq 1,12
[    2.611554] serio: i8042 KBD port at 0x60,0x64 irq 1
[    2.612682] serio: i8042 AUX port at 0x60,0x64 irq 12
[    2.614007] mousedev: PS/2 mouse device common for all mice
[    2.615469] input: AT Translated Set 2 keyboard as /devices/platform/i8042/serio0/input/input2
[    2.617863] rtc_cmos rtc_cmos: rtc core: registered rtc_cmos as rt0[   .6610]rt_cmos rtc_cmos: alarms up to one day, 114 bytes nvram
[    2.883185] i2c /dev entries driver
[    2.900300] device-mapper: uevent: version 1.0.3
[    2.901303] device-mapper: ioctl: 4.34.0-ioctl (2015-10-28) initialised: dm-devel@redhat.com
[    2.992255] ledtrig-cpu: registered to indicate activity on CPUs
[    3.056494] NET: Registered protocol family 10
[    3.103236] NET: Registered protocol family 17
[    3.108913] Key type dns_resolver registered
[    3.110634] registered taskstats version 1
[    3.112087] Loading compiled-in X.509 certificates
[    3.114365] Loaded X.509 cert 'Build time autogenerated kernel key: cf00e047681d67edb2720680708b7d9498083038'
[    3.117817] zswap: loaded using pool lzo/zbud
[    3.121571] Key type trusted registered
[    3.129701] Key type encrypted registered
[    3.132799] AppArmor: AppArmor sha1 policy hashing enabled
[    3.141097] ima: No TPM chip found, activating TPM-bypass!
[    3.142643] ima: Allocated hash algorithm: sha1
[    3.144027] evm: HMAC attrs: 0x1
[    3.145540]   Magic number: 9:633:417
[    3.146781] rtc_cmos rtc_cmos: setting system clock to 2021-10-08 06:24:30 UTC (1633674270)
[    3.149460] BIOS EDD facility v0.16 2004-Jun-25, 0 devices found
[    3.151138] EDD information not available.
[    3.154787] Freeing unused kernel memory: 1492K
[    3.179586] Write protecting the kernel read-only data: 14336k
[    3.201153] Freeing unused kernel memory: 1584K
[    3.202393] Freeing unused kernel memory: 52K
Loading, please wait...
starting version 229
[    3.220302] random: systemd-udevd: uninitialized urandom read (16 bytes read, 2 bits of entropy available)
[    3.220922] random: udevadm: uninitialized urandom read (16 bytes read, 2 bits of entropy available)
[    3.220952] random: udevadm: uninitialized urandom read (16 bytes read, 2 bits of entropy available)
[    3.227946] random: systemd-udevd: uninitialized urandom read (16 bytes read, 2 bits of entropy available)
[    3.230368] random: systemd-udevd: uninitialized urandom read (16 bytes read, 2 bits of entropy available)
[    3.231002] random: udevadm: uninitialized urandom read (16 bytes read, 2 bits of entropy available)
[    3.231055] random: udevadm: uninitialized urandom read (16 bytes read, 2 bits of entropy available)
[    3.231214] random: udevadm: uninitialized urandom read (16 bytes read, 2 bits of entropy available)
[    3.231274] random: udevadm: uninitialized urandom read (16 bytes read, 2 bits of entropy available)
[    3.231336] random: udevadm: uninitialized urandom read (16 bytes read, 2 bits of entropy available)
[    3.278704] e1000: Intel(R) PRO/1000 Network Driver - version 7.3.21-k8-NAPI
[    3.280403] e1000: Copyright (c) 1999-2006 Intel Corporation.
[    3.300567] Fusion MPT base driver 3.04.20
[    3.301540] Copyright (c) 1999-2008 LSI Corporation
[    3.327356] Fusion MPT SPI Host driver 3.04.20
[    3.329754] AVX2 version of gcm_enc/dec engaged.
[    3.330870] AES CTR mode by8 optimization enabled
[    3.527703] input: ImExPS/2 Generic Explorer Mouse as /devices/platform/i8042/serio1/input/input4
[    3.671232] e1000 0000:00:03.0 eth0: (PCI:33MHz:32-bit) 02:be:82:6b:cc:1d
[    3.745046] e1000 0000:00:03.0 eth0: Intel(R) PRO/1000 Network Connection
[    3.747099] mptbase: ioc0: Initiating bringup
[    3.812250] ioc0: LSI53C1030 A0: Capabilities={Initiator}
[    4.005228] scsi host2: ioc0: LSI53C1030 A0, FwRev=00000000h, Ports=1, MaxQ=256, IRQ=20
[    4.120674] scsi 2:0:0:0: Direct-Access     VBOX     HARDDISK         1.0  PQ: 0 ANSI: 5
[    4.127799] scsi target2:0:0: Beginning Domain Validation
[    4.132811] scsi target2:0:0: Domain Validation skipping write tests
[    4.134226] scsi target2:0:0: Ending Domain Validation
[    4.135417] scsi target2:0:0: asynchronous
[    4.146137] scsi 2:0:1:0: Direct-Access     VBOX     HARDDISK         1.0  PQ: 0 ANSI: 5
[    4.148114] scsi target2:0:1: Beginning Domain Validation
[    4.150068] scsi target2:0:1: Domain Validation skipping write tests
[    4.151445] scsi target2:0:1: Ending Domain Validation
[    4.152792] scsi target2:0:1: asynchronous
[    4.168572] sd 2:0:0:0: Attached scsi generic sg0 type 0
[    4.170558] sd 2:0:1:0: Attached scsi generic sg1 type 0
[    4.172360] sd 2:0:0:0: [sda] 83886080 512-byte logical blocks: (42.9 GB/40.0 GiB)
[    4.174674] sd 2:0:0:0: [sda] Write Protect is off
[    4.176151] sd 2:0:0:0: [sda] Incomplete mode parameter data
[    4.176798] sd 2:0:1:0: [sdb] 20480 512-byte logical blocks: (10.5 MB/10.0 MiB)
[    4.179736] sd 2:0:0:0: [sda] Assuming drive cache: write through
[    4.185486] sd 2:0:1:0: [sdb] Write Protect is off
[    4.191641] sd 2:0:1:0: [sdb] Incomplete mode parameter data
[    4.192850] sd 2:0:1:0: [sdb] Assuming drive cache: write through
[    4.211253]  sda: sda1
[    4.212587] sd 2:0:0:0: [sda] Attached SCSI disk
[    4.235627] sd 2:0:1:0: [sdb] Attached SCSI disk
[    4.508071] e1000 0000:00:08.0 eth1: (PCI:33MHz:32-bit) 08:00:27:f3:f9:d7
[    4.522867] e1000 0000:00:08.0 eth1: Intel(R) PRO/1000 Network Connection
[    4.525159] e1000 0000:00:08.0 enp0s8: renamed from eth1
[    4.571998] e1000 0000:00:03.0 enp0s3: renamed from eth0
Begin: Loading essential drivers ... [    5.937266] md: linear personality registered for level -1
[    5.944801] md: multipath personality registered for level -4
[    5.963358] md: raid0 personality registered for level 0
[    5.980476] md: raid1 personality registered for level 1
[    6.055570] raid6: sse2x1   gen()  8915 MB/s
[    6.135571] raid6: sse2x1   xor()  6981 MB/s
[    6.215573] raid6: sse2x2   gen() 11391 MB/s
[    6.287570] raid6: sse2x2   xor()  7076 MB/s
[    6.371591] raid6: sse2x4   gen() 12409 MB/s
[    6.459555] raid6: sse2x4   xor()  6507 MB/s
[    6.547576] raid6: avx2x1   gen() 16974 MB/s
[    6.615576] raid6: avx2x2   gen() 20133 MB/s
[    6.683575] raid6: avx2x4   gen() 23037 MB/s
[    6.684600] raid6: using algorithm avx2x4 gen() 23037 MB/s
[    6.685825] raid6: using avx2x2 recovery algorithm
[    6.688581] xor: automatically using best checksumming function:
[    6.739917]    avx       : 28613.000 MB/sec
[    6.742467] async_tx: api initialized (async)
[    6.761891] md: raid6 personality registered for level 6
[    6.764536] md: raid5 personality registered for level 5
[    6.765620] md: raid4 personality registered for level 4
[    6.773305] md: raid10 personality registered for level 10
done.
Begin: Running /scripts/init-premount ... done.
Begin: Mounting root file system ... Begin: Running /scripts/local-top ... done.
Begin: Running /scripts/local-premount ... [    6.810314] Btrfs loaded
Scanning for Btrfs filesystems
done.
Warning: fsck not present, so skipping root file system
[    6.890918] EXT4-fs (sda1): mounted filesystem with ordered data mode. Opts: (null)
done.
Begin: Running /scripts/local-bottom ... done.
Begin: Running /scripts/init-bottom ... done.
[    7.653999] systemd[1]: systemd 229 running in system mode. (+PAM +AUDIT +SELINUX +IMA +APPARMOR +SMACK +SYSVINIT +UTMP +LIBCRYPTSETUP +GCRYPT +GNUTLS +ACL +XZ -LZ4 +SECCOMP +BLKID +ELFUTILS +KMOD -IDN)
[    7.658273] systemd[1]: Detected virtualization oracle.
[    7.659457] systemd[1]: Detected architecture x86-64.

Welcome to [1mUbuntu 16.04.7 LTS[0m!

[    7.726191] systemd[1]: Set hostname to <ubuntu>.
[    7.742788] systemd[1]: Initializing machine ID from random generator.
[    7.748465] systemd[1]: Installed transient /etc/machine-id file.
[    8.164341] random: nonblocking pool is initialized
[   .5865] sysemd[1]: Reached target System me Synchronized.
[[0;32m  OK  [0m] Reached target System Time Synchronized.
[    8.708269] systemd[1]: Listening on udev Kernel Socket.
[[0;32m  OK  [0m] Listening on udev Kernel Socket.
[    8.710899] systemd[1]: Listening on Journal Socket (/dev/log).
[[0;32m  OK  [0m] Listening on Journal Socket (/dev/log).
[    8.713701] systemd[1]: Reached target ser and Group Name Lookups.
[[0;32m  OK  [0m] Reached target User and Group Name Lookups.
[    8.739046] syted[]:Listening on LVM2 metadata daemon socket.
[[0;32m  OK  [0m] Listening on LVM2 metadata daemon socket.
[    8.885048] systemd[1]: Created slice System Slice.
[[0;32m  OK  [0m] Created slice System Slice.
[    8.895908] systemd[1]: Created slice User and Session Slice.
[[0;32m  OK  [0m] Created slice User and Session Slice.
[  90201] systemd[1]: Reached target Slices.
[[0;32m  OK  [0m] Reached target Slices.
[  91965] ysem[1: isening on /dev/initctl Compatibility Named Pipe.
[[0;32m  OK  [0m] Listening on /dev/initctl Compatibility Named Pipe.
[    9.532199] systemd[1]: Started Trigger resolvconf update for networkd DNS.
[[0;32m  OK  [0m] Started Trigger resolvconf update for networkd DNS.
[  959551] systemd[1]: Listening on Journal Socket.

[[0;32m  OK  [0m] Listening on Journal Socket.
[    9.711812] systemd[1]: Starting Create list of required static device nodes for the current kernel...
         Starting Create list of required st... nodes for the current kernel...
[    9.760859] systemd[1]: Mounting Huge Pages File System...
         Mounting Huge Pages File System...
[    9.835940] systemd[1]: Mounting Debug File System...
         Mounting Debug File System...
[    9.841805] systemd[1]: Starting Set console keymap...
         Starting Set console keymap...
[    9.846174] systemd[1]: Listening on Syslog Socket.
[[0;32m  OK  [0m] Listening on Syslog Socket.
[    9.850372] systemd[1]: Starting Nameserver information manager...
         Starting Nameserver information manager...
[    9.876058] systemd[1]: Mounting POSIX Message Queue File System...
         Mounting POSIX Message Queue File System...
[    9.900127] systemd[1]: Listening on Journal Audit Socket.
[[0;32m  OK  [0m] Listening on Journal Audit Socket.
[    9.911653] systemd[1]: Starting Journal Service...
         Starting Journal Service...
[    9.927801] systemd[1]: Listening on Device-mapper event daemon FIFOs.
[[0;32m  OK  [0m] Listening on Device-mapper event daemon FIFOs.
[    9.938191] systemd[1]: Reached target Swap.
[[0;32m  OK  [0m] Reached target Swap.
[    9.955150] systemd[1]: Reached target Encrypted Volumes.
[[0;32m  OK  [0m] Reached target Encrypted Volumes.
[   10.047932] systemd[1]: Starting Load Kernel Modules...
         Starting Load Kernel Modules...
[   10.093031] systemd[1]: Starting Uncomplicated firewall...
[   10.100107] Loading iSCSI transport class v2.0-870.
         Starting Uncomplicated firewall...
[   10.119882] systemd[1]: Listening on udev Control Socket.
[[0;32m  OK  [0m] Listening on udev Control Socket.
[   10.132758] systemd[1]: Created slice system-serial\x2dgetty.slice.
[[0;32m  OK  [0m] Created slice system-serial\x2dgetty.slice.
[   10.139154] systemd[1]: Listening on LVM2 poll daemon socket.
[[0;32m  OK  [0m] Listening on LVM2 poll daemon socket.
[   10.142852] systemd[1]: Started Forward Password Requests to Wall Directory Watch.
[[0;32m  OK  [0m] Started Forward Password Requests to Wall Directory Watch.
[   10.147353] systemd[1]: Set up automount Arbitrary Executable File Formats File System Automount Point.
[[0;32m  OK  [0m] Set up autom[   10.155010] iscsi: registered transport (tcp)
ount Arbitrary Executab...ats File System Automount Point.
[   10.237067] systemd[1]: Starting Monitoring of LVM2 mirrors, snapshots etc. using dmeventd or progress polling...
         Starting Monitoring of LVM2 mirrors... dmeventd or progress polling...
[   10.266823] systemd[1]: Listening on fsck to fsckd communication Socket.
[[0;32m  OK  [0m] Listening on fsck to fsckd communication Socket.
[   10.301261] iscsi: registered transport (iser)
[   10.319824] systemd[1]: Starting File System Check on Root Device...
         Starting File System Check on Root Device...
[   10.324724] systemd[1]: Mounted Huge Pages File System.
[[0;32m  OK  [0m] Mounted Huge Pages File System.
[   10.335888] systemd[1]: Mounted POSIX Message Queue File System.
[[0;32m  OK  [0m] Mounted POSIX Message Queue File System.
[   10.339934] systemd[1]: Mounted Debug File System.
[[0;32m  OK  [0m] Mounted Debug File System.
[   10.343957] systemd[1]: Started Journal Service.
[[0;32m  OK  [0m] Started Journal Service.
[[0;32m  OK  [0m] Started Create list of required sta...ce nodes for the current kernel.
[[0;32m  OK  [0m] Started Set console keymap.
[[0;32m  OK  [0m] Started Load Kernel Modules.
[[0;32m  OK  [0m] Started Uncomplicated firewall.
[[0;32m  OK  [0m] Started File System Check on Root Device.
[[0;32m  OK  [0m] Started Nameserver information manager.
[[0;32m  OK  [0m] Started LVM2 metadata daemon.
[[0;32m  OK  [0m] Started File System Check Daemon to report status.
         Starting Remount Root and Kernel File Systems...
         Mounting FUSE Control File System...
         Starting Apply Kernel Variables...
         Starting Create Static Device Nodes in /dev...
[[0;32m  OK  [0m] Mounted FUSE Control File System.
[   10.494484] EXT4-fs (sda1): re-mounted. Opts: (null)
[[0;32m  OK  [0m] Started Remount Root and Kernel File Systems.
         Starting Load/Save Random Seed...
         Starting udev Coldplug all Devices...
         Starting Flush Journal to Persistent Storage...
[[0;32m  OK  [0m] Started Load/Save Random Seed.
[[0;32m  OK  [0m] Started Apply Kernel Variables.
[[0;32m  OK  [0m] Started Flush Journal to Persistent Storage.
[[0;32m  OK  [0m] Started udev Coldplug all Devices.
[[0;32m  OK  [0m] Started Create Static Device Nodes in /dev.
         Starting udev Kernel Device Manager...
[[0;32m  OK  [0m] Started Monitoring of LVM2 mirrors,...ng dmeventd or progress polling.
[[0;32m  OK  [0m] Reached target Local File Systems (Pre).
[[0;32m  OK  [0m] Reached target Local File Systems.
         Starting Initial cloud-init job (pre-networking)...
         Starting Create Volatile Files and Directories...
         Starting LSB: AppArmor initialization...
         Starting Set console font and keymap...
         Starting Commit a transient machine-id on disk...
         Starting Tell Plymouth To Write Out Runtime Data...
[[0;32m  OK  [0m] Started udev Kernel Device Manager.
[[0;32m  OK  [0m] Started Dispatch Password Requests to Console Directory Watch.
[[0;32m  OK  [0m] Started Commit a transient machine-id on disk.
[[0;32m  OK  [0m] Started Create Volatile Files and Directories.
         Starting Update UTMP about System Boot/Shutdown...
[[0;32m  OK  [0m] Started Tell Plymouth To Write Out Runtime Data.
[[0;32m  OK  [0m] Started Update UTMP about System Boot/Shutdown.
[[0;32m  OK  [0m] Found device /dev/ttyS0.
[[0;32m  OK  [0m] Listening on Load/Save RF Kill Switch Status /dev/rfkill Watch.
[[0;32m  OK  [0m] Started Set console font and keymap.
[[0;32m  OK  [0m] Created slice system-getty.slice.
[[0;32m  OK  [0m] Started LSB: AppArmor initialization.
         Starting Load AppArmor profiles managed internally by snapd...
[[0;32m  OK  [0m] Started Load AppArmor profiles managed internally by snapd.
[   15.525191] cloud-init[469]: Cloud-init v. 21.1-19-gbad84ad4-0ubuntu1~16.04.2 running 'init-local' at Fri, 08 Oct 2021 06:24:42 +0000. Up 14.64 seconds.
[[0;32m  OK  [0m] Started Initial cloud-init job (pre-networking).
[[0;32m  OK  [0m] Reached target Network (Pre).
         Starting Raise network interfaces...
[[0;32m  OK  [0m] Started Raise network interfaces.
         Starting Initial cloud-init job (metadata service crawler)...
[[0;32m  OK  [0m] Reached target Network.
[   17.780252] cloud-init[961]: Cloud-init v. 21.1-19-gbad84ad4-0ubuntu1~16.04.2 running 'init' at Fri, 08 Oct 2021 06:24:44 +0000. Up 16.27 seconds.
[   17.783038] cloud-init[961]: ci-info: ++++++++++++++++++++++++++++++++++++++Net device info+++++++++++++++++++++++++++++++++++++++
[   17.810876] cloud-init[961]: ci-info: +--------+-------+----------------------------+---------------+--------+-------------------+
[   17.813884] cloud-init[961]: ci-info: | Device |   Up  |          Address           |      Mask     | Scope  |     Hw-Address    |
[   17.828907] cloud-init[961]: ci-info: +--------+-------+----------------------------+---------------+--------+-------------------+
[   17.877113] [cloud-init[0;32m  OK  [0m[961]: ] ci-info: | enp0s3 |  True |         10.0.2.15          | 255.255.255.0 | global | 02:be:82:6b:cc:1d |Started Initial cloud-init job (metadata service crawler).

[[0;32m  OK  [0m] Reached target Cloud-config availability.
[[0;32m  OK  [0m] Reached target System Initialization.
[[0;32m  OK  [0m] Started Message of the Day.
[[0;32m  OK  [0m] Listening on ACPID Listen Socket.
         Starting Socket activation for snappy daemon.
[[0;32m  OK  [0m] Started Daily apt download activities.
[[0;32m  OK  [0m] Listening on UUID daemon activation socket.
[   17.878437] cloud-init[961]: ci-info: | enp0s3 |  True | fe80::be:82ff:fe6b:cc1d/64 |       .       |  link  | 02:be:82:6b:cc:1d |
[   17.938061] [[0;32m  OK  [0m] Started ACPI Events Check.
[[0;32m  OK  [0m] Reached target Paths.
[[0;32m  OK  [0m] Started Ubuntu Advantage update messaging.
[[0;32m  OK  [0m] Started Daily apt upgrade and clean activities.
[[0;32m  OK  [0m] Listening on D-Bus System Message Bus Socket.
cloud-init[961]: ci-info: | enp0s8 | False |             .              |       .       |   .    | 08:00:27:f3:f9:d7 |
[   17.944318] cloud-init[961]: ci-info: |   lo   |  True |         127.0.0.1          |   255.0.0.0   |  host  |         .         |
[   17.953138] cloud-init[961]: ci-info: |   lo   |  True |          ::1/128           |       .       |  host  |         .         |
[   17.955521] cloud-init[961]: ci-info: +--------+-------+----------------------------+---------------+--------+-------------------+
[   17.958433] cloud-init[961]: ci-info: +++++++++++++++++++++++++++Route IPv4 info++++++++++++++++++++++++++++
[   17.961176] cloud-init[961]: ci-info: +-------+-------------+----------+---------------+-----------+-------+
[   17.964249]          Starting LXD - unix socket.
[[0;32m  OK  [0m] Started Daily Cleanup of Temporary Directories.
[[0;32m  OK  [0m] Reached target Timers.
[[0;32m  OK  [0m] Reached target Network is Online.
cloud-init[961]: ci-info: | Route | Destination | Gateway  |    Genmask    | Interface | Flags |
[   17.970144] cloud-init[961]: ci-info: +-------+-------------+----------+---------------+-----------+-------+
[   17.972331] cloud-init[961]: ci-info: |   0   |   0.0.0.0   | 10.0.2.2 |    0.0.0.0    |   enp0s3  |   UG  |
[   17.974413] cloud-init[961]: ci-info: |   1   |   10.0.2.0  | 0.0.0.0  | 255.255.255.0 |   enp0s3  |   U   |
[   17.976590] cloud-init[961]: ci-info: +-------+-------------+----------+---------------+-----------+-------+
[   17.978695] cloud-init[961]: ci-info: +++++++++++++++++++Route IPv6 info+++++++++++++++++++
[   17.980688] cloud-init[961]: ci-info: +-------+-------------+---------+-----------+-------+
[   17.982584] cloud-init[961]: ci-info: | Route | Destination | Gateway | Interface | Flags |         Starting iSCSI initiator daemon (iscsid)...
[[0;32m  OK  [0m] Listening on Socket activation for snappy daemon.
[[0;32m  OK  [0m] Listening on LXD - unix socket.
[[0;32m  OK  [0m] Reached target Sockets.
[[0;32m  OK  [0m] Reached target Basic System.

[   17.999272]          Starting Pollinate to seed the pseudo random number generator...
[[0;32m  OK  [0m] Started D-Bus System Message Bus.
cloud-init[961]: ci-info: +-------+-------------+---------+-----------+-------+
[   18.004074] cloud-init[961]: ci-info: |   0   |  fe80::/64  |    ::   |   enp0s3  |   U   |
[   18.008383] cloud-init[961]: ci-info: |   3   |   ff00::/8  |    ::   |   enp0s3  |   U   |
[   18.021215] cloud-init[961]: ci-info: +-------+-------------+---------+-----------+-------+
[   18.044782] cloud-init[961]: Generating public/private rsa key pair.
[   18.048992] cloud-init[961]: Your identification has been saved in /etc/ssh/ssh_host_rsa_key.
[   18.053041] cloud-init[961]: Your public key has been saved in /etc/ssh/ssh_host_rsa_key.pub.
[   18.055018] cloud-init[961]: The key fingerprint is:
[   18.056545] cloud-init[961]: SHA256:GssERlWhZN5rRbt/c0HPmRmSYzpSCsH7wmdgXYHQn8s root@ubuntu-xenial
[   18.058541] cloud-init[961]: The key's randomart image is:
[   18.060187] cloud-init[961]: +---[RSA 2048]----+
[   18.063854] cloud-init[961]: |    ..=+=.o..    |
[   18.066308] cloud-init[961]: |   . + +.+ o  .  |
[   18.067876] cloud-init[961]: |    o o.+ =..= o |
[   18.069484] cloud-init[961]: |   . . +.+o+o +.*|
[   18.071023] cloud-init[961]: |      = Sooo.  =o|
[   18.076537] cloud-init[961]: |     o B +.E.   .|
[   18.078053] cloud-init[961]: |      + +   . o .|
[   18.079432] cloud-init[961]: |             . o |
[   18.083206] cloud-init[961]: |                 |
[   18.085123] cloud-init[961]: +----[SHA256]-----+
[   18.087053] cloud-init[961]: Generating public/private dsa key pair.
[   18.089367] cloud-init[961]: Your identification has been saved in /etc/ssh/ssh_host_dsa_key.
[   18.092095] cloud-init[961]: Your public key has been saved in /etc/ssh/ssh_host_dsa_key.pub.
[   18.115044] cloud-init[961]: The key fingerprint is:
[   18.117722] cloud-init[961]: SHA256:blXW0C4Uv1oLCZY+hnWzZk3DNlNke7+f2r4yTRNsA0s root@ubuntu-xenial
[   18.124327] cloud-init[961]: The key's randomart image is:
[   18.128970] cloud-init[961]: +---[DSA 1024]----+
[   18.130997] cloud-init[961]: |            oo .+|
[   18.133033] cloud-init[961]: |           ..E.o.|
[   18.139950] cloud-init[961]: |          =.*.&..|
[   18.141525] cloud-init[961]: |         = =.O.Xo|
[   18.142921] cloud-init[961]: |        S = *.= +|
[   18.144379] cloud-init[961]: |       . o + + +.|
[   18.146070] cloud-init[961]: |        o   . +..|
[   18.147811] cloud-init[961]: |       .     o..o|
[   18.149804] cloud-init[961]: |             .==o|
[   18.151559] cloud-init[961]: +----[SHA256]-----+
[   18.155927] cloud-init[961]: Generating public/private ecdsa key pair.
[   18.173931] cloud-init[961]: Your identification has been saved in /etc/ssh/ssh_host_ecdsa_key.
[   18.177142] cloud-init[961]: Your public key has been saved in /etc/ssh/ssh_host_ecdsa_key.pub.
[   18.180337] cloud-init[961]: The key fingerprint is:
[   18.182632] cloud-init[961]: SHA256:TsSLpIoF2GzhHJI+QC9wXi+evthGoQtdrZNP4lYmT0o root@ubuntu-xenial         
Starting LSB: MD monitoring daemon...
         Starting LXD - container startup/shutdown...
         Starting Login Service...
         Starting /etc/rc.local Compatibility...
[   18.185205] cloud-init[961]: The key's randomart image is:
[   18.208348] [[0;32m  OK  [0m] Started Regular background program processing daemon.
cloud-init[[0;32m  OK  [0m] Started FUSE filesystem for LXC.
[961]: +---[ECDSA 256]---+
[   18.212590]          Starting Accounts Service...
cloud-init         Starting Virtualbox guest utils...
[961]:          Starting LSB: Record successful boot for GRUB...
[[0;32m  OK  [0m] Started Deferred execution scheduler.
|+o+ .            |
[   18.224743] cloud-init[961]: |=O.+ . .         |
[   18.226247] cloud-init[961]: |=.B...o o        |
[   18.240341] [cloud-init[0;32m  OK  [0m[961]: ] | =..o=.o .       |Started ACPI event daemon.

[   18.240988] cloud-init[961]: | .oo++. S        |
[   18.278739] cloud-init[961]: |.oooE =o         |
[   18.283103] cloud-init[961]: |...=.%  .        |
[   18.286682] cloud-init[961]: |  .o=.o          |
[   18.289501] cloud-init[961]: |  .oo            |
[   18.291972]          Starting System Logging Service...
cloud-init[961]: +----[SHA256]-----+
[   18.294534] cloud-init[961]: Generating public/private ed25519 key pair.
[   18.296123] cloud-init[961]: Your identification has been saved in /etc/ssh/ssh_host_ed25519_key.
[   18.306222] cloud-init[961]: Your public key has been saved in /etc/ssh/ssh_host_ed25519_key.pub.
[   18.340761] cloud-init[961]: The key fingerprint is:
[   18.349441] cloud-init[961]: SHA256:jsqDgGK40dJl9g7E7cEp8SpiJERGXl9na/v3Y6xR2DA root@ubuntu-xenial
[   18.354417] cloud-init[961]: The key's randomart image is:
[   18.357443] cloud-init[961]: +--[ED25519 256]--+
[   18.358760] cloud-init[961]: |o+ .   . o       |
[   18.361458] cloud-init[961]: |o.. o . o .      |
[   18.363218] cloud-init[961]: |.. . * . o   E   |
[   18.381952]          cloud-initStarting Snap Daemon...[961]: 
|..  B * . .   =  |
[   18.394523] [[0;32m  OK  [0m] Started /etc/rc.local Compatibility.
cloud-init[961]: |=o = = .S.   . o |
[   18.399454] cloud-init[961]: |Oo+ o oo  .   .  |
[   18.406064] cloud-init[961]: |+* o o. .  . o.  |
[   18.409547] cloud-init[961]: |. .....     . o+ |
[   18.420449] cloud-init[961]: |    o.       .o..|
[   18.440486] cloud-init[961]: +----[SHA256]-----+
[[0;32m  OK  [0m] Started Login Service.
[[0;32m  OK  [0m] Started Unattended Upgrades Shutdown.
[[0;32m  OK  [0m] Started iSCSI initiator daemon (iscsid).
         Starting Login to default iSCSI targets...
[[0;32m  OK  [0m] Started LSB: MD monitoring daemon.
[[0;32m  OK  [0m] Started LSB: Record successful boot for GRUB.
[[0;32m  OK  [0m] Started Login to default iSCSI targets.
[[0;32m  OK  [0m] Reached target Remote File Systems (Pre).
[[0;32m  OK  [0m] Reached target Remote File Systems.
         Starting LSB: automatic crash report generation...
         Starting LSB: daemon to balance interrupts for SMP systems...
         Starting LSB: Set the CPU Frequency Scaling governor to "ondemand"...
         Starting Permit User Sessions...
[[0;32m  OK  [0m] Started LSB: Set the CPU Frequency Scaling governor to "ondemand".
[[0;32m  OK  [0m] Started LSB: automatic crash report generation.
[[0;32m  OK  [0m] Started Permit User Sessions.
         Starting Terminate Plymouth Boot Screen...
         Starting Hold until boot process finishes up...
[[0;32m  OK  [0m] Started Terminate Plymouth Boot Screen.
[[0;32m  OK  [0m] Started Hold until boot process finishes up.
[[0;32m  OK  [0m] Started System Logging Service.
[[0;32m  OK  [0m] Started Getty on tty1.
         Starting Set console scheme...
[[0;32m  OK  [0m] Started Serial Getty on ttyS0.
[[0;32m  OK  [0m] Reached target Login Prompts.
[[0;32m  OK  [0m] Started Set console scheme.
[[0;32m  OK  [0m] Started LSB: daemon to balance interrupts for SMP systems.
[[0;32m  OK  [0m] Started Virtualbox guest utils.
         Starting Authenticate and Authorize Users to Run Privileged Tasks...
[[0;32m  OK  [0m] Started Authenticate and Authorize Users to Run Privileged Tasks.
[[0;32m  OK  [0m] Started Accounts Service.
[[0;32m  OK  [0m] Started LXD - container startup/shutdown.
[[0;32m  OK  [0m] Started Snap Daemon.
         Starting Wait until snapd is fully seeded...

Ubuntu 16.04.7 LTS ubuntu-xenial ttyS0

ubuntu-xenial login: [   31.804467] cloud-init[1293]: Generating locales (this might take a while)...
[   33.081237] cloud-init[1293]:   en_US.UTF-8... done
[   33.083432] cloud-init[1293]: Generation complete.
[   36.196956] cloud-init[1293]: Cloud-init v. 21.1-19-gbad84ad4-0ubuntu1~16.04.2 running 'modules:config' at Fri, 08 Oct 2021 06:24:59 +0000. Up 31.53 seconds.
ci-info: no authorized SSH keys fingerprints found for user ubuntu.
<14>Oct  8 06:25:05 ec2: 
<14>Oct  8 06:25:05 ec2: #############################################################
<14>Oct  8 06:25:05 ec2: -----BEGIN SSH HOST KEY FINGERPRINTS-----
<14>Oct  8 06:25:05 ec2: 1024 SHA256:blXW0C4Uv1oLCZY+hnWzZk3DNlNke7+f2r4yTRNsA0s root@ubuntu-xenial (DSA)
<14>Oct  8 06:25:05 ec2: 256 SHA256:TsSLpIoF2GzhHJI+QC9wXi+evthGoQtdrZNP4lYmT0o root@ubuntu-xenial (ECDSA)
<14>Oct  8 06:25:05 ec2: 256 SHA256:jsqDgGK40dJl9g7E7cEp8SpiJERGXl9na/v3Y6xR2DA root@ubuntu-xenial (ED25519)
<14>Oct  8 06:25:05 ec2: 2048 SHA256:GssERlWhZN5rRbt/c0HPmRmSYzpSCsH7wmdgXYHQn8s root@ubuntu-xenial (RSA)
<14>Oct  8 06:25:05 ec2: -----END SSH HOST KEY FINGERPRINTS-----
<14>Oct  8 06:25:05 ec2: #############################################################
-----BEGIN SSH HOST KEY KEYS-----
ecdsa-sha2-nistp256 AAAAE2VjZHNhLXNoYTItbmlzdHAyNTYAAAAIbmlzdHAyNTYAAABBBHNoFw2VdepU5lupQfxO+BnYMlm5PkU5cn3emO0/Tp/1pi2Wa9cmhHfAV8OQKQljG+octErEazuwupt1Y905uVI= root@ubuntu-xenial
ssh-ed25519 AAAAC3NzaC1lZDI1NTE5AAAAIOgjbSarTddRECW9Byn61SW7uSaULxuBCS3YI1eTmH3E root@ubuntu-xenial
ssh-rsa AAAAB3NzaC1yc2EAAAADAQABAAABAQDCueq/DsUlPLHtP7jarpC9O4Psai7lXt52ESg+a+hNXdhRU4ADJcDLzEsOD1ztWroj0DFeSb/E8/z03M4WioDDO0xApyVQP1OeBcsdh1exeuI4YkLbuRmkOKP9HSWRDWenCxrix9EyBPOyGIGlgL2h1WyThSlH5PjPUhLr3DozmxgHuIKwq0KgHIqUUydINiMhhCNDm7qKgk/L0cDTh6WALhWXQoGeMLlmGLBOu95yJMKeFN4XLIln9U9bxBLBahjv/uqmguNeReeNw1XY34gOaVWGh4BK6rQotgmAAp4XjJAri/6aUkScLevCXDCmf7Mdmuaulz+xB+VdgifnUrTh root@ubuntu-xenial
-----END SSH HOST KEY KEYS-----
[   36.865187] cloud-init[1685]: Cloud-init v. 21.1-19-gbad84ad4-0ubuntu1~16.04.2 running 'modules:final' at Fri, 08 Oct 2021 06:25:04 +0000. Up 36.62 seconds.
[   36.865549] cloud-init[1685]: ci-info: no authorized SSH keys fingerprints found for user ubuntu.
[   36.865784] cloud-init[1685]: Cloud-init v. 21.1-19-gbad84ad4-0ubuntu1~16.04.2 finished at Fri, 08 Oct 2021 06:25:05 +0000. Datasource DataSourceNoCloud [seed=/dev/sdb][dsmode=net].  Up 36.85 seconds
